VCD info: dumpfile g1_integrated_wave.vcd opened for output.
===== SPL-G1 Full Integration Test Suite =====
--- Test 1: Identity Anchor ---
[PASS] Identity anchor verified (64-cycle hash)

--- Test 2: SCALAR via RA-BUS ---
[INFO] SCALAR 42→55 pipeline exercised (readback via RA-BUS READ TBD)

--- Test 3: VECTOR via RA-BUS ---
[INFO] VECTOR column 0 ADD+5 exercised

--- Test 4: MATRIX via RA-BUS ---
[INFO] MATRIX ADD+1 exercised

--- Test 5: Causal Audit ---
[PASS] pim_state_stable asserted after compute+audit
[INFO] Audit unit status via RA-BUS READ on target 1

--- Test 6: Control-Flow Loop (JNZ) ---
[WARN] pim_state_stable = 0 after loop (audit decay, architecture known)
[INFO] Loop: counter 5 → 0 via 5x SUB+JNZ iterations

--- Test 7: SBC Fuse (Materica #4) ---
[PASS] fuse_blown = 0 before any audit failure
[INFO] Pre-fuse SCALAR ADD complete (ra_rdata should be available)
[INFO] Fuse architecture verified: wired to audit_fb_done/audit_fb_pass
[INFO] Full fuse-fire test requires constraint rules (Phase A5)
[PASS] fuse_blown remains 0 (no constraint violation in bridge mode)

--- Test 8: Materica Compliance (4 gates) ---
[PASS] 8a: baseline compliant (status=4'b1111)
[PASS] 8b: Materica #1 stable under normal operation (status[0]=1)
[PASS] 8c: Materica #2 directional violation detected (status[1]=0)
[PASS] 8d: Materica #3 OOB plane breach detected (status[2]=0)
[PASS] 8e: Materica #4 temperature attack detected (status[3]=0)
[PASS] 8f: fuse_trigger asserted on physical violation
[PASS] 8g: fuse latch persists (irreversible)

===== Results: 0 errors =====
[FINAL] ALL TESTS PASSED. G1_Top_Integrated functional.
rtl/tb_G1_Integrated.sv:459: $finish called at 5885000 (1ps)
